> Task :app:preBuild UP-TO-DATE
> Task :app:preDebugBuild UP-TO-DATE
> Task :app:mergeDebugNativeDebugMetadata NO-SOURCE
> Task :app:generateDebugResources UP-TO-DATE
> Task :app:packageDebugResources UP-TO-DATE
> Task :app:processDebugNavigationResources UP-TO-DATE
> Task :app:parseDebugLocalResources UP-TO-DATE
> Task :app:generateDebugRFile UP-TO-DATE
> Task :app:javaPreCompileDebug UP-TO-DATE
> Task :app:generateDebugAssets UP-TO-DATE
> Task :app:mergeDebugAssets UP-TO-DATE
> Task :app:compressDebugAssets UP-TO-DATE
> Task :app:checkDebugDuplicateClasses UP-TO-DATE
> Task :app:desugarDebugFileDependencies UP-TO-DATE
> Task :app:mergeExtDexDebug UP-TO-DATE
> Task :app:mergeLibDexDebug UP-TO-DATE
> Task :app:checkDebugAarMetadata UP-TO-DATE
> Task :app:compileDebugNavigationResources UP-TO-DATE
> Task :app:mapDebugSourceSetPaths UP-TO-DATE
> Task :app:mergeDebugResources UP-TO-DATE
> Task :app:createDebugCompatibleScreenManifests UP-TO-DATE
> Task :app:extractDeepLinksDebug UP-TO-DATE
> Task :app:processDebugMainManifest UP-TO-DATE
> Task :app:processDebugManifest
> Task :app:mergeDebugJniLibFolders
> Task :app:mergeDebugNativeLibs
> Task :app:validateSigningDebug
> Task :app:writeDebugAppMetadata
> Task :app:writeDebugSigningConfigVersions

> Task :app:stripDebugDebugSymbols
Unable to strip the following libraries, packaging them as they are: libandroidx.graphics.path.so. Run with --info option to learn more.

> Task :app:processDebugManifestForPackage
./gradlew : e: file:///D:/
project/android/snapshort_
real/app/src/main/java/com
/example/snapshort_real/Sc
reenshotAccessibilityServi
ce.kt:109:17 Unresolved 
reference 'withContext'.
At line:1 char:1
+ ./gradlew assembleDebug 
> build_output.txt 2>&1
+ ~~~~~~~~~~~~~~~~~~~~~~~~
~~~~~~~~~~~~~~~~~~~~~~~
    + CategoryInfo        
      : NotSpe    cified: 
(e: file    :///D:/p... 
'wit    hContext'.:Strin  
  g) [], RemoteExc    
eption
    + FullyQualified    
ErrorId : Native    
CommandError
 

> Task :app:compileDebugKotlin FAILED

> Task :app:processDebugResources

FAILURE: Build failed 
with an exception.

* What went wrong:
Execution failed for task 
':app:compileDebugKotlin'.
> A failure occurred 
while executing org.jetbra
ins.kotlin.compilerRunner.
GradleCompilerRunnerWithWo
rkers$GradleKotlinCompiler
WorkAction
   > Compilation error. 
See log for more details

* Try:
> Run with --stacktrace 
option to get the stack 
trace.
> Run with --info or 
--debug option to get 
more log output.
> Run with --scan to 
generate a Build Scan 
(Powered by Develocity).
> Get more help at 
https://help.gradle.org.

BUILD FAILED in 7s
29 actionable tasks: 10 executed, 19 up-to-date
